// Jest Snapshot v1, https://goo.gl/fbAQLP

exports[`CurrentAccountComponent renders and matches snapshot 1`] = `
<Provider
  store={
    Object {
      "clearActions": [Function],
      "dispatch": [Function],
      "getActions": [Function],
      "getState": [Function],
      "replaceReducer": [Function],
      "subscribe": [Function],
    }
  }
>
  <HashRouter>
    <Router
      history={
        Object {
          "action": "POP",
          "block": [Function],
          "createHref": [Function],
          "go": [Function],
          "goBack": [Function],
          "goForward": [Function],
          "length": 1,
          "listen": [Function],
          "location": Object {
            "hash": "",
            "pathname": "/",
            "search": "",
            "state": undefined,
          },
          "push": [Function],
          "replace": [Function],
        }
      }
    >
      <Connect(CurrentAccountComponet)
        handleLogOut={[MockFunction]}
        name="foobar.rsk"
        switchLoginClick={[MockFunction]}
      >
        <CurrentAccountComponet
          currentLanguageCode="en"
          dispatch={[Function]}
          handleLogOut={[MockFunction]}
          name="foobar.rsk"
          strings={
            Object {
              "log_out": "log out",
            }
          }
          switchLoginClick={[MockFunction]}
        >
          <div
            className="current"
          >
            <Link
              className="switchButton"
              to="/newAdmin"
            >
              <LinkAnchor
                className="switchButton"
                href="#/newAdmin"
                navigate={[Function]}
              >
                <a
                  className="switchButton"
                  href="#/newAdmin"
                  onClick={[Function]}
                >
                  foobar.rsk
                </a>
              </LinkAnchor>
            </Link>
            <Button
              active={false}
              disabled={false}
              onClick={[MockFunction]}
              type="button"
              variant="outline-primary"
            >
              <button
                className="btn btn-outline-primary"
                disabled={false}
                onClick={[MockFunction]}
                type="button"
              >
                log out
              </button>
            </Button>
          </div>
        </CurrentAccountComponet>
      </Connect(CurrentAccountComponet)>
    </Router>
  </HashRouter>
</Provider>
`;
