// Jest Snapshot v1, https://goo.gl/fbAQLP

exports[`AutoLoginComponent should matches snapshot 1`] = `
<Provider
  store={
    Object {
      "clearActions": [Function],
      "dispatch": [Function],
      "getActions": [Function],
      "getState": [Function],
      "replaceReducer": [Function],
      "subscribe": [Function],
    }
  }
>
  <Connect(AutoLoginComponent)
    handleManageClick={[MockFunction]}
    handleRegisterNewClick={[MockFunction]}
    successTx="0x123456879..."
  >
    <AutoLoginComponent
      currentLanguageCode="en"
      dispatch={[Function]}
      handleManageClick={[MockFunction]}
      handleRegisterNewClick={[MockFunction]}
      strings={
        Object {
          "admin_domain": "Admin my domain",
          "close": "Close",
          "log_in": "log in",
          "register_another_domain": "Register another domain",
          "view_explorer": "View it on the explorer",
          "your_domain_has_been_registered": "Your domain has been registered",
        }
      }
      successTx="0x123456879..."
    >
      <Connect(UserSuccessComponent)
        address="0x123456879..."
        message=""
        title="Your domain has been registered"
      >
        <UserSuccessComponent
          address="0x123456879..."
          currentLanguageCode="en"
          dispatch={[Function]}
          handleCloseClick={[Function]}
          message=""
          strings={
            Object {
              "admin_domain": "Admin my domain",
              "close": "Close",
              "log_in": "log in",
              "register_another_domain": "Register another domain",
              "view_explorer": "View it on the explorer",
              "your_domain_has_been_registered": "Your domain has been registered",
            }
          }
          title="Your domain has been registered"
          visible={true}
        >
          <div
            className="success"
          >
            <button
              className="close"
              onClick={[Function]}
              type="button"
            >
              <img
                alt="Close"
                src="mock-image"
              />
            </button>
            <p>
              <img
                alt=""
                src="mock-image"
              />
            </p>
            <p>
              <strong>
                Your domain has been registered
              </strong>
            </p>
            <p />
            <p
              className="explorer"
            >
              <a
                href="undefined/tx/0x123456879..."
                rel="noopener noreferrer"
                target="_blank"
              >
                View it on the explorer
              </a>
            </p>
          </div>
        </UserSuccessComponent>
      </Connect(UserSuccessComponent)>
      <ForwardRef
        className="major-section"
        noGutters={false}
      >
        <div
          className="major-section row"
        >
          <div
            className="col-md-4 offset-md-2 col-lg-3 offset-lg-3"
          >
            <Button
              active={false}
              block={true}
              disabled={false}
              onClick={[MockFunction]}
              type="button"
              variant="primary"
            >
              <button
                className="btn btn-primary btn-block"
                disabled={false}
                onClick={[MockFunction]}
                type="button"
              >
                Admin my domain
              </button>
            </Button>
          </div>
          <div
            className="col-md-4 col-lg-3"
          >
            <Button
              active={false}
              block={true}
              disabled={false}
              onClick={[MockFunction]}
              type="button"
              variant="primary"
            >
              <button
                className="btn btn-primary btn-block"
                disabled={false}
                onClick={[MockFunction]}
                type="button"
              >
                Register another domain
              </button>
            </Button>
          </div>
        </div>
      </ForwardRef>
    </AutoLoginComponent>
  </Connect(AutoLoginComponent)>
</Provider>
`;
